{
  "success": true,
  "value": {
    "projectLocation": {
      "documentDepth": 4,
      "documentIndex": 8,
      "documentPath": "c:/empty/readme.md"
    },
    "tokens": []
  }
}
