{
  "success": true,
  "value": {
    "projectLocation": {
      "documentDepth": 8,
      "documentIndex": 1,
      "documentPath": "Z:/parameter.md"
    },
    "tokens": [
      {
        "location": {
          "char": 14,
          "documentDepth": 0,
          "documentIndex": 0,
          "documentPath": "Z:/parameter.md",
          "line": 1
        },
        "text": "title",
        "type": "token - atom"
      },
      {
        "location": {
          "char": 20,
          "documentDepth": 0,
          "documentIndex": 0,
          "documentPath": "Z:/parameter.md",
          "line": 1
        },
        "text": "the thing from beyond\n\tthe swamp",
        "type": "token - parameter"
      },
      {
        "location": {
          "char": 52,
          "documentDepth": 0,
          "documentIndex": 0,
          "documentPath": "Z:/parameter.md",
          "line": 1
        },
        "type": "token - close parenthesis"
      }
    ]
  }
}
