{
  "success": true,
  "value": {
    "projectLocation": {
      "documentDepth": 1,
      "documentIndex": 1,
      "documentPath": "./documentation/_main.dlisp"
    },
    "tokens": [
      {
        "location": {
          "char": 1,
          "documentDepth": 1,
          "documentIndex": 1,
          "documentPath": "./documentation/_main.dlisp",
          "line": 1
        },
        "type": "token - open parenthesis"
      },
      {
        "location": {
          "char": 2,
          "documentDepth": 1,
          "documentIndex": 1,
          "documentPath": "./documentation/_main.dlisp",
          "line": 1
        },
        "text": "section-meta",
        "type": "token - atom"
      },
      {
        "location": {
          "char": 5,
          "documentDepth": 1,
          "documentIndex": 1,
          "documentPath": "./documentation/_main.dlisp",
          "line": 2
        },
        "type": "token - open parenthesis"
      },
      {
        "location": {
          "char": 6,
          "documentDepth": 1,
          "documentIndex": 1,
          "documentPath": "./documentation/_main.dlisp",
          "line": 2
        },
        "text": "title",
        "type": "token - atom"
      },
      {
        "location": {
          "char": 12,
          "documentDepth": 1,
          "documentIndex": 1,
          "documentPath": "./documentation/_main.dlisp",
          "line": 2
        },
        "text": "Doculisp",
        "type": "token - parameter"
      },
      {
        "location": {
          "char": 20,
          "documentDepth": 1,
          "documentIndex": 1,
          "documentPath": "./documentation/_main.dlisp",
          "line": 2
        },
        "type": "token - close parenthesis"
      },
      {
        "location": {
          "char": 5,
          "documentDepth": 1,
          "documentIndex": 1,
          "documentPath": "./documentation/_main.dlisp",
          "line": 3
        },
        "type": "token - open parenthesis"
      },
      {
        "location": {
          "char": 6,
          "documentDepth": 1,
          "documentIndex": 1,
          "documentPath": "./documentation/_main.dlisp",
          "line": 3
        },
        "text": "include",
        "type": "token - atom"
      },
      {
        "location": {
          "char": 9,
          "documentDepth": 1,
          "documentIndex": 1,
          "documentPath": "./documentation/_main.dlisp",
          "line": 4
        },
        "type": "token - open parenthesis"
      },
      {
        "location": {
          "char": 10,
          "documentDepth": 1,
          "documentIndex": 1,
          "documentPath": "./documentation/_main.dlisp",
          "line": 4
        },
        "text": "Section",
        "type": "token - atom"
      },
      {
        "location": {
          "char": 18,
          "documentDepth": 1,
          "documentIndex": 1,
          "documentPath": "./documentation/_main.dlisp",
          "line": 4
        },
        "text": "./structure.md",
        "type": "token - parameter"
      },
      {
        "location": {
          "char": 32,
          "documentDepth": 1,
          "documentIndex": 1,
          "documentPath": "./documentation/_main.dlisp",
          "line": 4
        },
        "type": "token - close parenthesis"
      },
      {
        "location": {
          "char": 9,
          "documentDepth": 1,
          "documentIndex": 1,
          "documentPath": "./documentation/_main.dlisp",
          "line": 5
        },
        "type": "token - open parenthesis"
      },
      {
        "location": {
          "char": 10,
          "documentDepth": 1,
          "documentIndex": 1,
          "documentPath": "./documentation/_main.dlisp",
          "line": 5
        },
        "text": "Section",
        "type": "token - atom"
      },
      {
        "location": {
          "char": 18,
          "documentDepth": 1,
          "documentIndex": 1,
          "documentPath": "./documentation/_main.dlisp",
          "line": 5
        },
        "text": "./doculisp.md",
        "type": "token - parameter"
      },
      {
        "location": {
          "char": 31,
          "documentDepth": 1,
          "documentIndex": 1,
          "documentPath": "./documentation/_main.dlisp",
          "line": 5
        },
        "type": "token - close parenthesis"
      },
      {
        "location": {
          "char": 9,
          "documentDepth": 1,
          "documentIndex": 1,
          "documentPath": "./documentation/_main.dlisp",
          "line": 6
        },
        "type": "token - open parenthesis"
      },
      {
        "location": {
          "char": 10,
          "documentDepth": 1,
          "documentIndex": 1,
          "documentPath": "./documentation/_main.dlisp",
          "line": 6
        },
        "text": "Section",
        "type": "token - atom"
      },
      {
        "location": {
          "char": 18,
          "documentDepth": 1,
          "documentIndex": 1,
          "documentPath": "./documentation/_main.dlisp",
          "line": 6
        },
        "text": "./section-meta.md",
        "type": "token - parameter"
      },
      {
        "location": {
          "char": 35,
          "documentDepth": 1,
          "documentIndex": 1,
          "documentPath": "./documentation/_main.dlisp",
          "line": 6
        },
        "type": "token - close parenthesis"
      },
      {
        "location": {
          "char": 9,
          "documentDepth": 1,
          "documentIndex": 1,
          "documentPath": "./documentation/_main.dlisp",
          "line": 7
        },
        "type": "token - open parenthesis"
      },
      {
        "location": {
          "char": 10,
          "documentDepth": 1,
          "documentIndex": 1,
          "documentPath": "./documentation/_main.dlisp",
          "line": 7
        },
        "text": "Section",
        "type": "token - atom"
      },
      {
        "location": {
          "char": 18,
          "documentDepth": 1,
          "documentIndex": 1,
          "documentPath": "./documentation/_main.dlisp",
          "line": 7
        },
        "text": "./content.md",
        "type": "token - parameter"
      },
      {
        "location": {
          "char": 30,
          "documentDepth": 1,
          "documentIndex": 1,
          "documentPath": "./documentation/_main.dlisp",
          "line": 7
        },
        "type": "token - close parenthesis"
      },
      {
        "location": {
          "char": 9,
          "documentDepth": 1,
          "documentIndex": 1,
          "documentPath": "./documentation/_main.dlisp",
          "line": 8
        },
        "type": "token - open parenthesis"
      },
      {
        "location": {
          "char": 10,
          "documentDepth": 1,
          "documentIndex": 1,
          "documentPath": "./documentation/_main.dlisp",
          "line": 8
        },
        "text": "Section",
        "type": "token - atom"
      },
      {
        "location": {
          "char": 18,
          "documentDepth": 1,
          "documentIndex": 1,
          "documentPath": "./documentation/_main.dlisp",
          "line": 8
        },
        "text": "./headings.md",
        "type": "token - parameter"
      },
      {
        "location": {
          "char": 31,
          "documentDepth": 1,
          "documentIndex": 1,
          "documentPath": "./documentation/_main.dlisp",
          "line": 8
        },
        "type": "token - close parenthesis"
      },
      {
        "location": {
          "char": 9,
          "documentDepth": 1,
          "documentIndex": 1,
          "documentPath": "./documentation/_main.dlisp",
          "line": 9
        },
        "type": "token - open parenthesis"
      },
      {
        "location": {
          "char": 10,
          "documentDepth": 1,
          "documentIndex": 1,
          "documentPath": "./documentation/_main.dlisp",
          "line": 9
        },
        "text": "Section",
        "type": "token - atom"
      },
      {
        "location": {
          "char": 18,
          "documentDepth": 1,
          "documentIndex": 1,
          "documentPath": "./documentation/_main.dlisp",
          "line": 9
        },
        "text": "./comment.md",
        "type": "token - parameter"
      },
      {
        "location": {
          "char": 30,
          "documentDepth": 1,
          "documentIndex": 1,
          "documentPath": "./documentation/_main.dlisp",
          "line": 9
        },
        "type": "token - close parenthesis"
      },
      {
        "location": {
          "char": 9,
          "documentDepth": 1,
          "documentIndex": 1,
          "documentPath": "./documentation/_main.dlisp",
          "line": 10
        },
        "type": "token - open parenthesis"
      },
      {
        "location": {
          "char": 10,
          "documentDepth": 1,
          "documentIndex": 1,
          "documentPath": "./documentation/_main.dlisp",
          "line": 10
        },
        "text": "Section",
        "type": "token - atom"
      },
      {
        "location": {
          "char": 18,
          "documentDepth": 1,
          "documentIndex": 1,
          "documentPath": "./documentation/_main.dlisp",
          "line": 10
        },
        "text": "./keywords.md",
        "type": "token - parameter"
      },
      {
        "location": {
          "char": 31,
          "documentDepth": 1,
          "documentIndex": 1,
          "documentPath": "./documentation/_main.dlisp",
          "line": 10
        },
        "type": "token - close parenthesis"
      },
      {
        "location": {
          "char": 5,
          "documentDepth": 1,
          "documentIndex": 1,
          "documentPath": "./documentation/_main.dlisp",
          "line": 11
        },
        "type": "token - close parenthesis"
      },
      {
        "location": {
          "char": 1,
          "documentDepth": 1,
          "documentIndex": 1,
          "documentPath": "./documentation/_main.dlisp",
          "line": 12
        },
        "type": "token - close parenthesis"
      },
      {
        "location": {
          "char": 1,
          "documentDepth": 1,
          "documentIndex": 1,
          "documentPath": "./documentation/_main.dlisp",
          "line": 14
        },
        "type": "token - open parenthesis"
      },
      {
        "location": {
          "char": 2,
          "documentDepth": 1,
          "documentIndex": 1,
          "documentPath": "./documentation/_main.dlisp",
          "line": 14
        },
        "text": "content",
        "type": "token - atom"
      },
      {
        "location": {
          "char": 10,
          "documentDepth": 1,
          "documentIndex": 1,
          "documentPath": "./documentation/_main.dlisp",
          "line": 14
        },
        "type": "token - open parenthesis"
      },
      {
        "location": {
          "char": 11,
          "documentDepth": 1,
          "documentIndex": 1,
          "documentPath": "./documentation/_main.dlisp",
          "line": 14
        },
        "text": "toc",
        "type": "token - atom"
      },
      {
        "location": {
          "char": 15,
          "documentDepth": 1,
          "documentIndex": 1,
          "documentPath": "./documentation/_main.dlisp",
          "line": 14
        },
        "text": "numbered-labeled",
        "type": "token - parameter"
      },
      {
        "location": {
          "char": 31,
          "documentDepth": 1,
          "documentIndex": 1,
          "documentPath": "./documentation/_main.dlisp",
          "line": 14
        },
        "type": "token - close parenthesis"
      },
      {
        "location": {
          "char": 32,
          "documentDepth": 1,
          "documentIndex": 1,
          "documentPath": "./documentation/_main.dlisp",
          "line": 14
        },
        "type": "token - close parenthesis"
      }
    ]
  }
}
