{
  "success": true,
  "value": {
    "projectLocation": {
      "documentDepth": 0,
      "documentIndex": 0,
      "documentPath": "Z:/parameter.md"
    },
    "tokens": [
      {
        "location": {
          "char": 13,
          "documentDepth": 0,
          "documentIndex": 0,
          "documentPath": "Z:/parameter.md",
          "line": 1
        },
        "type": "token - open parenthesis"
      },
      {
        "location": {
          "char": 14,
          "documentDepth": 0,
          "documentIndex": 0,
          "documentPath": "Z:/parameter.md",
          "line": 1
        },
        "text": "the",
        "type": "token - atom"
      },
      {
        "location": {
          "char": 18,
          "documentDepth": 0,
          "documentIndex": 0,
          "documentPath": "Z:/parameter.md",
          "line": 1
        },
        "text": "thing",
        "type": "token - parameter"
      },
      {
        "location": {
          "char": 23,
          "documentDepth": 0,
          "documentIndex": 0,
          "documentPath": "Z:/parameter.md",
          "line": 1
        },
        "type": "token - close parenthesis"
      }
    ]
  }
}
