{
  "message": "Inline code block at { line: 1, char: 1 } does not close",
  "documentPath": "C:/bad/noCloseInline.md",
  "success": false
}
