{
  "01 Parse Ast": {
    "sourcePath": "./someFile.md"
  },
  "02 Convert to Markdown": {
    "astMaybe": {
      "success": true,
      "value": {
        "type": "doculisp-empty"
      }
    },
    "result": {
      "documentPath": "./someFile.md",
      "message": "Unable to write",
      "success": false
    }
  },
  "03 Write to File": {},
  "04 Final Result": {
    "documentPath": "./someFile.md",
    "message": "Unable to write",
    "success": false
  }
}
