{
  "documentPath": "C:/my_document.md",
  "message": "Document Index must be a value of 1 or larger.",
  "success": false
}
