{
  "success": true,
  "value": {
    "parts": [
      {
        "location": {
          "char": 1,
          "documentDepth": 8,
          "documentIndex": 8,
          "documentPath": "documentExample2.md",
          "line": 1
        },
        "text": "(dl (# Heading)) Hello Doculisp",
        "type": "text"
      }
    ],
    "projectLocation": {
      "documentDepth": 8,
      "documentIndex": 8,
      "documentPath": "documentExample2.md"
    }
  }
}
