{
  "success": true,
  "value": {
    "parts": [
      {
        "location": {
          "char": 1,
          "documentDepth": 3,
          "documentIndex": 0,
          "documentPath": "C:/comments/helloWorld.md",
          "line": 1
        },
        "text": "hello",
        "type": "text"
      },
      {
        "location": {
          "char": 5,
          "documentDepth": 3,
          "documentIndex": 0,
          "documentPath": "C:/comments/helloWorld.md",
          "line": 4
        },
        "text": "world",
        "type": "text"
      }
    ],
    "projectLocation": {
      "documentDepth": 3,
      "documentIndex": 0,
      "documentPath": "C:/comments/helloWorld.md"
    }
  }
}
