{
  "success": true,
  "value": {
    "documentPath": "C:/html/inline.md",
    "parts": [
      {
        "location": {
          "char": 1,
          "line": 1
        },
        "text": "`<!-- an example html comment -->`",
        "type": "text"
      }
    ]
  }
}
