{
  "success": true,
  "value": {
    "parts": [],
    "projectLocation": {
      "documentDepth": 0,
      "documentIndex": 0,
      "documentPath": "C:/my_document.md"
    }
  }
}
