{
  "success": true,
  "value": {
    "parts": [
      {
        "location": {
          "char": 6,
          "documentDepth": 2,
          "documentIndex": 1,
          "documentPath": "./_main.md",
          "line": 1
        },
        "text": "(section-meta\n    (title Using Dynamic Path)\n)",
        "type": "lisp"
      },
      {
        "location": {
          "char": 1,
          "documentDepth": 2,
          "documentIndex": 1,
          "documentPath": "./_main.md",
          "line": 7
        },
        "text": "[back](",
        "type": "text"
      },
      {
        "location": {
          "char": 13,
          "documentDepth": 2,
          "documentIndex": 1,
          "documentPath": "./_main.md",
          "line": 7
        },
        "text": "(get-path readme)",
        "type": "lisp"
      },
      {
        "location": {
          "char": 39,
          "documentDepth": 2,
          "documentIndex": 1,
          "documentPath": "./_main.md",
          "line": 7
        },
        "text": ")",
        "type": "text"
      }
    ],
    "projectLocation": {
      "documentDepth": 2,
      "documentIndex": 1,
      "documentPath": "./_main.md"
    }
  }
}
