{
  "success": true,
  "value": {
    "documentPath": "C:/readme.md",
    "parts": [
      {
        "location": {
          "char": 27,
          "line": 1
        },
        "text": "hello bro",
        "type": "text"
      }
    ]
  }
}
