{
  "documentPath": "./two/sections.dlisp",
  "message": "A second Section-Meta command was detected at {\"path\":\"./two/sections.dlisp\",\"line\":6,\"char\":1}",
  "success": false
}
