{
  "success": true,
  "value": {
    "projectLocation": {
      "documentDepth": 1,
      "documentIndex": 4,
      "documentPath": "main.dlisp"
    },
    "section": {
      "ast": [
        {
          "documentOrder": {
            "char": 1,
            "documentDepth": 1,
            "documentIndex": 4,
            "documentPath": "main.dlisp",
            "line": 2
          },
          "label": "# Doculisp is ✨ #",
          "ref_link": "#doculisp_is_",
          "title": "Doculisp is ✨",
          "type": "ast-title"
        }
      ],
      "documentOrder": {
        "char": 1,
        "documentDepth": 1,
        "documentIndex": 4,
        "documentPath": "main.dlisp",
        "line": 1
      },
      "include": [
        {
          "document": false,
          "documentOrder": {
            "char": 9,
            "documentDepth": 1,
            "documentIndex": 4,
            "documentPath": "main.dlisp",
            "line": 6
          },
          "path": "./structure.md",
          "sectionLabel": "Section",
          "type": "ast-load"
        },
        {
          "document": false,
          "documentOrder": {
            "char": 9,
            "documentDepth": 1,
            "documentIndex": 4,
            "documentPath": "main.dlisp",
            "line": 7
          },
          "path": "./doculisp.md",
          "sectionLabel": "Section",
          "type": "ast-load"
        }
      ],
      "type": "ast-section"
    }
  }
}
