{
  "success": true,
  "value": {
    "projectLocation": {
      "documentDepth": 2,
      "documentIndex": 1,
      "documentPath": "./itty.dlisp"
    },
    "section": {
      "ast": [
        {
          "documentOrder": {
            "char": 2,
            "documentDepth": 2,
            "documentIndex": 1,
            "documentPath": "./itty.dlisp",
            "line": 2
          },
          "label": "## Sing Me a Song ##",
          "ref_link": "#sing-me-a-song",
          "title": "Sing Me a Song",
          "type": "ast-title"
        },
        {
          "documentOrder": {
            "char": 2,
            "documentDepth": 2,
            "documentIndex": 1,
            "documentPath": "./itty.dlisp",
            "line": 9
          },
          "type": "ast-content"
        }
      ],
      "documentOrder": {
        "char": 1,
        "documentDepth": 2,
        "documentIndex": 1,
        "documentPath": "./itty.dlisp",
        "line": 1
      },
      "include": [
        {
          "document": false,
          "documentOrder": {
            "char": 10,
            "documentDepth": 2,
            "documentIndex": 1,
            "documentPath": "./itty.dlisp",
            "line": 5
          },
          "path": "./songs.dlisp",
          "sectionLabel": "Chapter",
          "type": "ast-load"
        }
      ],
      "type": "ast-section"
    }
  }
}
