{
  "documentPath": "../main.dlisp",
  "message": "Section command at {\"path\":\"../main.dlisp\",\"line\":6,\"char\":2} needs the section-meta command to have external links.",
  "success": false
}
