{
  "success": true,
  "value": {
    "projectLocation": {
      "documentDepth": 2,
      "documentIndex": 3,
      "documentPath": "section-meta.md"
    },
    "section": {
      "ast": [
        {
          "documentOrder": {
            "char": 2,
            "documentDepth": 2,
            "documentIndex": 3,
            "documentPath": "section-meta.md",
            "line": 2
          },
          "label": "## Section Meta Block ##",
          "ref_link": "#section-meta-block",
          "title": "Section Meta Block",
          "type": "doculisp-title"
        },
        {
          "documentOrder": {
            "char": 1,
            "documentDepth": 2,
            "documentIndex": 3,
            "documentPath": "section-meta.md",
            "line": 9
          },
          "type": "doculisp-write",
          "value": "This block is contained directly within the Doculisp main block. It contains information used to build the current secion. This includes things like title, subtitle, and include."
        },
        {
          "documentOrder": {
            "char": 1,
            "documentDepth": 2,
            "documentIndex": 3,
            "documentPath": "section-meta.md",
            "line": 11
          },
          "type": "doculisp-write",
          "value": "Example"
        },
        {
          "documentOrder": {
            "char": 1,
            "documentDepth": 2,
            "documentIndex": 3,
            "documentPath": "section-meta.md",
            "line": 13
          },
          "type": "doculisp-write",
          "value": "```doculisp\n(section-meta\n    (title Doculisp a short description)\n    (include\n        (section ./doculisp.md)\n    )\n)\n```"
        },
        {
          "depthCount": 3,
          "documentOrder": {
            "char": 7,
            "documentDepth": 2,
            "documentIndex": 3,
            "documentPath": "section-meta.md",
            "line": 22
          },
          "text": "Title (required)",
          "type": "doculisp-header"
        },
        {
          "documentOrder": {
            "char": 1,
            "documentDepth": 2,
            "documentIndex": 3,
            "documentPath": "section-meta.md",
            "line": 24
          },
          "type": "doculisp-write",
          "value": "This is the only sub block required for the "
        },
        {
          "documentOrder": {
            "char": 45,
            "documentDepth": 2,
            "documentIndex": 3,
            "documentPath": "section-meta.md",
            "line": 24
          },
          "type": "doculisp-write",
          "value": "`section-meta`"
        },
        {
          "documentOrder": {
            "char": 60,
            "documentDepth": 2,
            "documentIndex": 3,
            "documentPath": "section-meta.md",
            "line": 24
          },
          "type": "doculisp-write",
          "value": " "
        },
        {
          "documentOrder": {
            "char": 60,
            "documentDepth": 2,
            "documentIndex": 3,
            "documentPath": "section-meta.md",
            "line": 24
          },
          "type": "doculisp-write",
          "value": "block. The title is followed by a title that ends at a "
        },
        {
          "documentOrder": {
            "char": 115,
            "documentDepth": 2,
            "documentIndex": 3,
            "documentPath": "section-meta.md",
            "line": 24
          },
          "type": "doculisp-write",
          "value": "`)`"
        },
        {
          "documentOrder": {
            "char": 118,
            "documentDepth": 2,
            "documentIndex": 3,
            "documentPath": "section-meta.md",
            "line": 24
          },
          "type": "doculisp-write",
          "value": ". Every thing following the white space after the word title and until a new line or a close parenthesis is the title."
        },
        {
          "depthCount": 3,
          "documentOrder": {
            "char": 7,
            "documentDepth": 2,
            "documentIndex": 3,
            "documentPath": "section-meta.md",
            "line": 26
          },
          "text": "Ref-Link",
          "type": "doculisp-header"
        },
        {
          "documentOrder": {
            "char": 1,
            "documentDepth": 2,
            "documentIndex": 3,
            "documentPath": "section-meta.md",
            "line": 28
          },
          "type": "doculisp-write",
          "value": "This is the first optional sub block for the "
        },
        {
          "documentOrder": {
            "char": 46,
            "documentDepth": 2,
            "documentIndex": 3,
            "documentPath": "section-meta.md",
            "line": 28
          },
          "type": "doculisp-write",
          "value": "`section-meta`"
        },
        {
          "documentOrder": {
            "char": 61,
            "documentDepth": 2,
            "documentIndex": 3,
            "documentPath": "section-meta.md",
            "line": 28
          },
          "type": "doculisp-write",
          "value": " "
        },
        {
          "documentOrder": {
            "char": 61,
            "documentDepth": 2,
            "documentIndex": 3,
            "documentPath": "section-meta.md",
            "line": 28
          },
          "type": "doculisp-write",
          "value": "block. The ref-link allows you to take over the link to use in the table of contents. Its main purpose is to handle characters in the title that markdown does not include in its section headers. This does not change the section link, but lets you specify a different link to use instead."
        },
        {
          "documentOrder": {
            "char": 1,
            "documentDepth": 2,
            "documentIndex": 3,
            "documentPath": "section-meta.md",
            "line": 30
          },
          "type": "doculisp-write",
          "value": "Example"
        },
        {
          "documentOrder": {
            "char": 1,
            "documentDepth": 2,
            "documentIndex": 3,
            "documentPath": "section-meta.md",
            "line": 32
          },
          "type": "doculisp-write",
          "value": "```doculisp\n(section-meta\n    (title Doculisp is awesome âœ¨)\n    (ref-link doculisp_is_awesome_)\n)\n```"
        },
        {
          "depthCount": 3,
          "documentOrder": {
            "char": 7,
            "documentDepth": 2,
            "documentIndex": 3,
            "documentPath": "section-meta.md",
            "line": 39
          },
          "text": "Subtitle",
          "type": "doculisp-header"
        },
        {
          "documentOrder": {
            "char": 1,
            "documentDepth": 2,
            "documentIndex": 3,
            "documentPath": "section-meta.md",
            "line": 41
          },
          "type": "doculisp-write",
          "value": "Subtitle creates a heading that is two levels of heading less then the title directly beneath the title."
        },
        {
          "depthCount": 3,
          "documentOrder": {
            "char": 7,
            "documentDepth": 2,
            "documentIndex": 3,
            "documentPath": "section-meta.md",
            "line": 43
          },
          "text": "Include",
          "type": "doculisp-header"
        },
        {
          "documentOrder": {
            "char": 1,
            "documentDepth": 2,
            "documentIndex": 3,
            "documentPath": "section-meta.md",
            "line": 45
          },
          "type": "doculisp-write",
          "value": "This allows you to break each section up into sub-sections that are composed in seperate files. This allows you to limit the scope of work in each file making it easier to find where you need to edit and focus on a single idea."
        },
        {
          "documentOrder": {
            "char": 1,
            "documentDepth": 2,
            "documentIndex": 3,
            "documentPath": "section-meta.md",
            "line": 47
          },
          "type": "doculisp-write",
          "value": "Example"
        },
        {
          "documentOrder": {
            "char": 1,
            "documentDepth": 2,
            "documentIndex": 3,
            "documentPath": "section-meta.md",
            "line": 49
          },
          "type": "doculisp-write",
          "value": "```doculisp\n(section-meta\n    (title Doculisp a short description)\n    (include\n        (section ./doculisp.md)\n        (section ./section-meta.md)\n    )\n)\n```"
        },
        {
          "depthCount": 4,
          "documentOrder": {
            "char": 7,
            "documentDepth": 2,
            "documentIndex": 3,
            "documentPath": "section-meta.md",
            "line": 59
          },
          "text": "Sub-Sections",
          "type": "doculisp-header"
        },
        {
          "documentOrder": {
            "char": 1,
            "documentDepth": 2,
            "documentIndex": 3,
            "documentPath": "section-meta.md",
            "line": 61
          },
          "type": "doculisp-write",
          "value": "The "
        },
        {
          "documentOrder": {
            "char": 5,
            "documentDepth": 2,
            "documentIndex": 3,
            "documentPath": "section-meta.md",
            "line": 61
          },
          "type": "doculisp-write",
          "value": "`include`"
        },
        {
          "documentOrder": {
            "char": 15,
            "documentDepth": 2,
            "documentIndex": 3,
            "documentPath": "section-meta.md",
            "line": 61
          },
          "type": "doculisp-write",
          "value": " "
        },
        {
          "documentOrder": {
            "char": 15,
            "documentDepth": 2,
            "documentIndex": 3,
            "documentPath": "section-meta.md",
            "line": 61
          },
          "type": "doculisp-write",
          "value": "block is composed of sub-section blocks. These blocks are different then other doculisp blocks. They are custom named blocks. Which means the name of each block is decided by the programmer the same way a variable name is. The format of these blocks is "
        },
        {
          "documentOrder": {
            "char": 268,
            "documentDepth": 2,
            "documentIndex": 3,
            "documentPath": "section-meta.md",
            "line": 61
          },
          "type": "doculisp-write",
          "value": "`(`"
        },
        {
          "documentOrder": {
            "char": 272,
            "documentDepth": 2,
            "documentIndex": 3,
            "documentPath": "section-meta.md",
            "line": 61
          },
          "type": "doculisp-write",
          "value": " "
        },
        {
          "documentOrder": {
            "char": 272,
            "documentDepth": 2,
            "documentIndex": 3,
            "documentPath": "section-meta.md",
            "line": 61
          },
          "type": "doculisp-write",
          "value": "followed by a name followed by whitespace. After the white space is the file path that leads to the document containing the information on how to build the sub-section. Followed again by an optional new line and whitespace. Ending in "
        },
        {
          "documentOrder": {
            "char": 506,
            "documentDepth": 2,
            "documentIndex": 3,
            "documentPath": "section-meta.md",
            "line": 61
          },
          "type": "doculisp-write",
          "value": "`)`"
        },
        {
          "documentOrder": {
            "char": 509,
            "documentDepth": 2,
            "documentIndex": 3,
            "documentPath": "section-meta.md",
            "line": 61
          },
          "type": "doculisp-write",
          "value": "."
        },
        {
          "documentOrder": {
            "char": 1,
            "documentDepth": 2,
            "documentIndex": 3,
            "documentPath": "section-meta.md",
            "line": 63
          },
          "type": "doculisp-write",
          "value": "You can add a space ("
        },
        {
          "documentOrder": {
            "char": 22,
            "documentDepth": 2,
            "documentIndex": 3,
            "documentPath": "section-meta.md",
            "line": 63
          },
          "type": "doculisp-write",
          "value": "` `"
        },
        {
          "documentOrder": {
            "char": 25,
            "documentDepth": 2,
            "documentIndex": 3,
            "documentPath": "section-meta.md",
            "line": 63
          },
          "type": "doculisp-write",
          "value": ") to a name by adding a "
        },
        {
          "documentOrder": {
            "char": 49,
            "documentDepth": 2,
            "documentIndex": 3,
            "documentPath": "section-meta.md",
            "line": 63
          },
          "type": "doculisp-write",
          "value": "`-`"
        },
        {
          "documentOrder": {
            "char": 53,
            "documentDepth": 2,
            "documentIndex": 3,
            "documentPath": "section-meta.md",
            "line": 63
          },
          "type": "doculisp-write",
          "value": " "
        },
        {
          "documentOrder": {
            "char": 53,
            "documentDepth": 2,
            "documentIndex": 3,
            "documentPath": "section-meta.md",
            "line": 63
          },
          "type": "doculisp-write",
          "value": "to the name."
        },
        {
          "documentOrder": {
            "char": 1,
            "documentDepth": 2,
            "documentIndex": 3,
            "documentPath": "section-meta.md",
            "line": 65
          },
          "type": "doculisp-write",
          "value": "Example"
        },
        {
          "documentOrder": {
            "char": 1,
            "documentDepth": 2,
            "documentIndex": 3,
            "documentPath": "section-meta.md",
            "line": 67
          },
          "type": "doculisp-write",
          "value": "```doculisp\n(include\n    (chapter\n        ./information/one.md\n    )\n)\n```"
        },
        {
          "documentOrder": {
            "char": 1,
            "documentDepth": 2,
            "documentIndex": 3,
            "documentPath": "section-meta.md",
            "line": 75
          },
          "type": "doculisp-write",
          "value": "This will create a sub-section called "
        },
        {
          "documentOrder": {
            "char": 39,
            "documentDepth": 2,
            "documentIndex": 3,
            "documentPath": "section-meta.md",
            "line": 75
          },
          "type": "doculisp-write",
          "value": "`chapter`"
        },
        {
          "documentOrder": {
            "char": 49,
            "documentDepth": 2,
            "documentIndex": 3,
            "documentPath": "section-meta.md",
            "line": 75
          },
          "type": "doculisp-write",
          "value": " "
        },
        {
          "documentOrder": {
            "char": 49,
            "documentDepth": 2,
            "documentIndex": 3,
            "documentPath": "section-meta.md",
            "line": 75
          },
          "type": "doculisp-write",
          "value": "that is built using the file "
        },
        {
          "documentOrder": {
            "char": 78,
            "documentDepth": 2,
            "documentIndex": 3,
            "documentPath": "section-meta.md",
            "line": 75
          },
          "type": "doculisp-write",
          "value": "`./information/one.md`"
        },
        {
          "documentOrder": {
            "char": 100,
            "documentDepth": 2,
            "documentIndex": 3,
            "documentPath": "section-meta.md",
            "line": 75
          },
          "type": "doculisp-write",
          "value": "."
        },
        {
          "documentOrder": {
            "char": 1,
            "documentDepth": 2,
            "documentIndex": 3,
            "documentPath": "section-meta.md",
            "line": 77
          },
          "type": "doculisp-write",
          "value": "Example"
        },
        {
          "documentOrder": {
            "char": 1,
            "documentDepth": 2,
            "documentIndex": 3,
            "documentPath": "section-meta.md",
            "line": 79
          },
          "type": "doculisp-write",
          "value": "```doculisp\n(include\n    (sub-section ./one.md)\n)\n```"
        },
        {
          "documentOrder": {
            "char": 1,
            "documentDepth": 2,
            "documentIndex": 3,
            "documentPath": "section-meta.md",
            "line": 85
          },
          "type": "doculisp-write",
          "value": "This will create a subsection called "
        },
        {
          "documentOrder": {
            "char": 38,
            "documentDepth": 2,
            "documentIndex": 3,
            "documentPath": "section-meta.md",
            "line": 85
          },
          "type": "doculisp-write",
          "value": "`sub section`"
        },
        {
          "documentOrder": {
            "char": 52,
            "documentDepth": 2,
            "documentIndex": 3,
            "documentPath": "section-meta.md",
            "line": 85
          },
          "type": "doculisp-write",
          "value": " "
        },
        {
          "documentOrder": {
            "char": 52,
            "documentDepth": 2,
            "documentIndex": 3,
            "documentPath": "section-meta.md",
            "line": 85
          },
          "type": "doculisp-write",
          "value": "that is built using the file "
        },
        {
          "documentOrder": {
            "char": 81,
            "documentDepth": 2,
            "documentIndex": 3,
            "documentPath": "section-meta.md",
            "line": 85
          },
          "type": "doculisp-write",
          "value": "`./one.md`"
        },
        {
          "documentOrder": {
            "char": 91,
            "documentDepth": 2,
            "documentIndex": 3,
            "documentPath": "section-meta.md",
            "line": 85
          },
          "type": "doculisp-write",
          "value": "."
        },
        {
          "documentOrder": {
            "char": 1,
            "documentDepth": 2,
            "documentIndex": 3,
            "documentPath": "section-meta.md",
            "line": 87
          },
          "type": "doculisp-write",
          "value": "```doculisp\n(include (section ./two.md))\n```"
        },
        {
          "documentOrder": {
            "char": 1,
            "documentDepth": 2,
            "documentIndex": 3,
            "documentPath": "section-meta.md",
            "line": 91
          },
          "type": "doculisp-write",
          "value": "This will create a subsection called "
        },
        {
          "documentOrder": {
            "char": 38,
            "documentDepth": 2,
            "documentIndex": 3,
            "documentPath": "section-meta.md",
            "line": 91
          },
          "type": "doculisp-write",
          "value": "`section`"
        },
        {
          "documentOrder": {
            "char": 48,
            "documentDepth": 2,
            "documentIndex": 3,
            "documentPath": "section-meta.md",
            "line": 91
          },
          "type": "doculisp-write",
          "value": " "
        },
        {
          "documentOrder": {
            "char": 48,
            "documentDepth": 2,
            "documentIndex": 3,
            "documentPath": "section-meta.md",
            "line": 91
          },
          "type": "doculisp-write",
          "value": "that is built using the file "
        },
        {
          "documentOrder": {
            "char": 77,
            "documentDepth": 2,
            "documentIndex": 3,
            "documentPath": "section-meta.md",
            "line": 91
          },
          "type": "doculisp-write",
          "value": "`./two.md`"
        },
        {
          "documentOrder": {
            "char": 87,
            "documentDepth": 2,
            "documentIndex": 3,
            "documentPath": "section-meta.md",
            "line": 91
          },
          "type": "doculisp-write",
          "value": "."
        },
        {
          "depthCount": 3,
          "documentOrder": {
            "char": 7,
            "documentDepth": 2,
            "documentIndex": 3,
            "documentPath": "section-meta.md",
            "line": 93
          },
          "text": "Exception to the Rule",
          "type": "doculisp-header"
        },
        {
          "documentOrder": {
            "char": 1,
            "documentDepth": 2,
            "documentIndex": 3,
            "documentPath": "section-meta.md",
            "line": 95
          },
          "type": "doculisp-write",
          "value": "Comment block breaks this rule slightly. The astrict character is a special character that cause all atoms that start with to be treated as a comment, and all parameters and sub blocks to be ignored."
        }
      ],
      "documentOrder": {
        "char": 1,
        "documentDepth": 2,
        "documentIndex": 3,
        "documentPath": "section-meta.md",
        "line": 1
      },
      "include": [],
      "type": "doculisp-section"
    }
  }
}
