{
  "success": true,
  "value": {
    "projectLocation": {
      "documentDepth": 1,
      "documentIndex": 1,
      "documentPath": "_main.dlisp"
    },
    "section": {
      "doculisp": [
        {
          "documentOrder": {
            "char": 2,
            "documentDepth": 1,
            "documentIndex": 1,
            "documentPath": "_main.dlisp",
            "line": 2
          },
          "label": "# Main Multiple Sub Documents #",
          "ref_link": "#main-multiple-sub-documents",
          "title": "Main Multiple Sub Documents",
          "type": "doculisp-title"
        },
        {
          "documentOrder": {
            "char": 2,
            "documentDepth": 1,
            "documentIndex": 1,
            "documentPath": "_main.dlisp",
            "line": 10
          },
          "type": "doculisp-content"
        }
      ],
      "documentOrder": {
        "char": 1,
        "documentDepth": 1,
        "documentIndex": 1,
        "documentPath": "_main.dlisp",
        "line": 1
      },
      "include": [
        {
          "document": {
            "doculisp": [
              {
                "documentOrder": {
                  "char": 2,
                  "documentDepth": 2,
                  "documentIndex": 1,
                  "documentPath": "A:/subA.md",
                  "line": 2
                },
                "label": "## Sub A ##",
                "ref_link": "#sub-a",
                "title": "Sub A",
                "type": "doculisp-title"
              },
              {
                "documentOrder": {
                  "char": 1,
                  "documentDepth": 2,
                  "documentIndex": 1,
                  "documentPath": "A:/subA.md",
                  "line": 9
                },
                "type": "doculisp-write",
                "value": "Sub document A text."
              }
            ],
            "documentOrder": {
              "char": 1,
              "documentDepth": 2,
              "documentIndex": 1,
              "documentPath": "A:/subA.md",
              "line": 1
            },
            "include": [],
            "type": "doculisp-section"
          },
          "documentOrder": {
            "char": 10,
            "documentDepth": 1,
            "documentIndex": 1,
            "documentPath": "_main.dlisp",
            "line": 5
          },
          "path": "A:/subA.md",
          "sectionLabel": "Section",
          "type": "doculisp-load"
        },
        {
          "document": {
            "doculisp": [
              {
                "documentOrder": {
                  "char": 2,
                  "documentDepth": 2,
                  "documentIndex": 2,
                  "documentPath": "B:/subB.md",
                  "line": 2
                },
                "label": "## Sub B ##",
                "ref_link": "#sub-b",
                "title": "Sub B",
                "type": "doculisp-title"
              },
              {
                "documentOrder": {
                  "char": 1,
                  "documentDepth": 2,
                  "documentIndex": 2,
                  "documentPath": "B:/subB.md",
                  "line": 9
                },
                "type": "doculisp-write",
                "value": "Sub document B text."
              }
            ],
            "documentOrder": {
              "char": 1,
              "documentDepth": 2,
              "documentIndex": 2,
              "documentPath": "B:/subB.md",
              "line": 1
            },
            "include": [],
            "type": "doculisp-section"
          },
          "documentOrder": {
            "char": 10,
            "documentDepth": 1,
            "documentIndex": 1,
            "documentPath": "_main.dlisp",
            "line": 6
          },
          "path": "B:/subB.md",
          "sectionLabel": "Section",
          "type": "doculisp-load"
        }
      ],
      "type": "doculisp-section"
    }
  }
}
