{
  "success": true,
  "value": {
    "type": "doculisp-empty"
  }
}
