{
  "char": 2,
  "documentPath": "S:/ome/file.md",
  "line": 2,
  "message": "Dynamic Header at 'S:/ome/file.md' Line: 2, Char: 2 is missing the header text",
  "success": false,
  "type": "code-fail"
}
