{
  "success": true,
  "value": {
    "projectLocation": {
      "documentDepth": 4,
      "documentIndex": 10,
      "documentPath": "A:/empty/doc.md"
    },
    "section": {
      "type": "doculisp-empty"
    }
  }
}
