{
  "success": true,
  "value": {
    "projectLocation": {
      "documentDepth": 4,
      "documentIndex": 4,
      "documentPath": "main.dlisp"
    },
    "section": {
      "doculisp": [
        {
          "documentOrder": {
            "char": 6,
            "documentDepth": 4,
            "documentIndex": 4,
            "documentPath": "main.dlisp",
            "line": 3
          },
          "label": "#### My cool title ####",
          "ref_link": "#my-cool-title",
          "subtitle": "###### This is information ######",
          "title": "My cool title",
          "type": "doculisp-title"
        }
      ],
      "documentOrder": {
        "char": 1,
        "documentDepth": 4,
        "documentIndex": 4,
        "documentPath": "main.dlisp",
        "line": 1
      },
      "include": [],
      "type": "doculisp-section"
    },
    "type": "doculisp-root"
  }
}
