{
  "value": [
    {
      "location": {
        "line": 1,
        "char": 1,
        "documentPath": "C:/my_document.md"
      },
      "text": "blow fish",
      "type": "text"
    }
  ],
  "success": true
}
